**
(main_edits.tex
LaTeX2e <2021-11-15> patch level 1
L3 programming layer <2022-02-24> (article.cls
Document Class: article 2021/10/04 v1.4n Standard LaTeX document class
(size11.clo
File: size11.clo 2021/10/04 v1.4n Standard LaTeX file (size option)
)
\c@part=\count181
\c@section=\count182
\c@subsection=\count183
\c@subsubsection=\count184
\c@paragraph=\count185
\c@subparagraph=\count186
\c@figure=\count187
\c@table=\count188
\abovecaptionskip=\skip47
\belowcaptionskip=\skip48
\bibindent=\dimen138
) (geometry.sty
Package: geometry 2020/01/02 v5.9 Page Geometry
 (keyval.sty
Package: keyval 2014/10/28 v1.15 key=value parser (DPC)
\KV@toks@=\toks16
) (ifvtex.sty
Package: ifvtex 2019/10/25 v1.7 ifvtex legacy package. Use iftex instead.
 (iftex.sty
Package: iftex 2022/02/03 v1.0f TeX engine tests
))
\Gm@cnth=\count189
\Gm@cntv=\count190
\c@Gm@tempcnt=\count191
\Gm@bindingoffset=\dimen139
\Gm@wd@mp=\dimen140
\Gm@odd@mp=\dimen141
\Gm@even@mp=\dimen142
\Gm@layoutwidth=\dimen143
\Gm@layoutheight=\dimen144
\Gm@layouthoffset=\dimen145
\Gm@layoutvoffset=\dimen146
\Gm@dimlist=\toks17
) (amsmath.sty
Package: amsmath 2021/10/15 v2.17l AMS math features
\@mathmargin=\skip49
For additional information on amsmath, use the `?' option.
(amstext.sty
Package: amstext 2021/08/26 v2.01 AMS text
 (amsgen.sty
File: amsgen.sty 1999/11/30 v2.0 generic functions
\@emptytoks=\toks18
\ex@=\dimen147
)) (amsbsy.sty
Package: amsbsy 1999/11/29 v1.2d Bold Symbols
\pmbraise@=\dimen148
) (amsopn.sty
Package: amsopn 2021/08/26 v2.02 operator names
)
\inf@bad=\count192
LaTeX Info: Redefining \frac on input line 234.
\uproot@=\count193
\leftroot@=\count194
LaTeX Info: Redefining \overline on input line 399.
\classnum@=\count195
\DOTSCASE@=\count196
LaTeX Info: Redefining \ldots on input line 496.
LaTeX Info: Redefining \dots on input line 499.
LaTeX Info: Redefining \cdots on input line 620.
\Mathstrutbox@=\box50
\strutbox@=\box51
\big@size=\dimen149
LaTeX Font Info:    Redeclaring font encoding OML on input line 743.
LaTeX Font Info:    Redeclaring font encoding OMS on input line 744.
\macc@depth=\count197
\c@MaxMatrixCols=\count198
\dotsspace@=\muskip16
\c@parentequation=\count199
\dspbrk@lvl=\count266
\tag@help=\toks19
\row@=\count267
\column@=\count268
\maxfields@=\count269
\andhelp@=\toks20
\eqnshift@=\dimen150
\alignsep@=\dimen151
\tagshift@=\dimen152
\tagwidth@=\dimen153
\totwidth@=\dimen154
\lineht@=\dimen155
\@envbody=\toks21
\multlinegap=\skip50
\multlinetaggap=\skip51
\mathdisplay@stack=\toks22
LaTeX Info: Redefining \[ on input line 2938.
LaTeX Info: Redefining \] on input line 2939.
) (amssymb.sty
Package: amssymb 2013/01/14 v3.01 AMS font symbols

(amsfonts.sty
Package: amsfonts 2013/01/14 v3.01 Basic AMSFonts support
\symAMSa=\mathgroup4
\symAMSb=\mathgroup5
LaTeX Font Info:    Redeclaring math symbol \hbar on input line 98.
LaTeX Font Info:    Overwriting math alphabet `\mathfrak' in version `bold'
(Font)                  U/euf/m/n --> U/euf/b/n on input line 106.
)) (bm.sty
Package: bm 2021/04/25 v1.2e Bold Symbol Support (DPC/FMi)
\symboldoperators=\mathgroup6
\symboldletters=\mathgroup7
\symboldsymbols=\mathgroup8
Package bm Info: No bold for \OMX/cmex/m/n, using \pmb.
Package bm Info: No bold for \U/msa/m/n, using \pmb.
Package bm Info: No bold for \U/msb/m/n, using \pmb.
LaTeX Font Info:    Redeclaring math alphabet \mathbf on input line 149.
) (mathtools.sty
Package: mathtools 2022/02/07 v1.28a mathematical typesetting tools
 (calc.sty
Package: calc 2017/05/25 v4.3 Infix arithmetic (KKT,FJ)
\calc@Acount=\count270
\calc@Bcount=\count271
\calc@Adimen=\dimen156
\calc@Bdimen=\dimen157
\calc@Askip=\skip52
\calc@Bskip=\skip53
LaTeX Info: Redefining \setlength on input line 80.
LaTeX Info: Redefining \addtolength on input line 81.
\calc@Ccount=\count272
\calc@Cskip=\skip54
) (mhsetup.sty
Package: mhsetup 2021/03/18 v1.4 programming setup (MH)
)
\g_MT_multlinerow_int=\count273
\l_MT_multwidth_dim=\dimen158
\origjot=\skip55
\l_MT_shortvdotswithinadjustabove_dim=\dimen159
\l_MT_shortvdotswithinadjustbelow_dim=\dimen160
\l_MT_above_intertext_sep=\dimen161
\l_MT_below_intertext_sep=\dimen162
\l_MT_above_shortintertext_sep=\dimen163
\l_MT_below_shortintertext_sep=\dimen164
\xmathstrut@box=\box52
\xmathstrut@dim=\dimen165
) (booktabs.sty
Package: booktabs 2020/01/12 v1.61803398 Publication quality tables
\heavyrulewidth=\dimen166
\lightrulewidth=\dimen167
\cmidrulewidth=\dimen168
\belowrulesep=\dimen169
\belowbottomsep=\dimen170
\aboverulesep=\dimen171
\abovetopsep=\dimen172
\cmidrulesep=\dimen173
\cmidrulekern=\dimen174
\defaultaddspace=\dimen175
\@cmidla=\count274
\@cmidlb=\count275
\@aboverulesep=\dimen176
\@belowrulesep=\dimen177
\@thisruleclass=\count276
\@lastruleclass=\count277
\@thisrulewidth=\dimen178
) (enumitem.sty
Package: enumitem 2019/06/20 v3.9 Customized lists
\labelindent=\skip56
\enit@outerparindent=\dimen179
\enit@toks=\toks23
\enit@inbox=\box53
\enit@count@id=\count278
\enitdp@description=\count279
) (graphicx.sty
Package: graphicx 2021/09/16 v1.2d Enhanced LaTeX Graphics (DPC,SPQR)
 (graphics.sty
Package: graphics 2021/03/04 v1.4d Standard LaTeX Graphics (DPC,SPQR)
 (trig.sty
Package: trig 2021/08/11 v1.11 sin cos tan (DPC)
) (graphics.cfg
File: graphics.cfg 2016/06/04 v1.11 sample graphics configuration
)
Package graphics Info: Driver file: xetex.def on input line 107.

(xetex.def
File: xetex.def 2021/03/18 v5.0k Graphics/color driver for xetex
))
\Gin@req@height=\dimen180
\Gin@req@width=\dimen181
) (subcaption.sty
Package: subcaption 2022/01/07 v1.5 Sub-captions (AR)
 (caption.sty
Package: caption 2022/03/01 v3.6b Customizing captions (AR)
 (caption3.sty
Package: caption3 2022/03/17 v2.3b caption3 kernel (AR)
\caption@tempdima=\dimen182
\captionmargin=\dimen183
\caption@leftmargin=\dimen184
\caption@rightmargin=\dimen185
\caption@width=\dimen186
\caption@indent=\dimen187
\caption@parindent=\dimen188
\caption@hangindent=\dimen189
Package caption Info: Standard document class detected.
)
\c@caption@flags=\count280
\c@continuedfloat=\count281
)
\c@subfigure=\count282
\c@subtable=\count283
) (float.sty
Package: float 2001/11/08 v1.3d Float enhancements (AL)
\c@float@type=\count284
\float@exts=\toks24
\float@box=\box54
\@float@everytoks=\toks25
\@floatcapt=\box55
)
(algorithm.sty
Invalid UTF-8 byte or sequence at line 11 replaced by U+FFFD.
Package: algorithm 2009/08/24 v0.1 Document Style `algorithm' - floating enviro
nment
 (ifthen.sty
Package: ifthen 2020/11/24 v1.1c Standard LaTeX ifthen package (DPC)
)
\@float@every@algorithm=\toks26
\c@algorithm=\count285
) (algpseudocode.sty
Package: algpseudocode 
 (algorithmicx.sty
Package: algorithmicx 2005/04/27 v1.2 Algorithmicx

Document Style algorithmicx 1.2 - a greatly improved `algorithmic' style
\c@ALG@line=\count286
\c@ALG@rem=\count287
\c@ALG@nested=\count288
\ALG@tlm=\skip57
\ALG@thistlm=\skip58
\c@ALG@Lnr=\count289
\c@ALG@blocknr=\count290
\c@ALG@storecount=\count291
\c@ALG@tmpcounter=\count292
\ALG@tmplength=\skip59
)
Document Style - pseudocode environments for use with the `algorithmicx' style
) (hyperref.sty
Package: hyperref 2022-02-21 v7.00n Hypertext links for LaTeX
 (ltxcmds.sty
Package: ltxcmds 2020-05-10 v1.25 LaTeX kernel commands for general use (HO)
) (pdftexcmds.sty
Package: pdftexcmds 2020-06-27 v0.33 Utility functions of pdfTeX for LuaTeX (HO
)
 (infwarerr.sty
Package: infwarerr 2019/12/03 v1.5 Providing info/warning/error messages (HO)
)
Package pdftexcmds Info: \pdf@primitive is available.
Package pdftexcmds Info: \pdf@ifprimitive is available.
Package pdftexcmds Info: \pdfdraftmode not found.
) (kvsetkeys.sty
Package: kvsetkeys 2019/12/15 v1.18 Key value parser (HO)
)
(kvdefinekeys.sty
Package: kvdefinekeys 2019-12-19 v1.6 Define keys (HO)
) (pdfescape.sty
Package: pdfescape 2019/12/09 v1.15 Implements pdfTeX's escape features (HO)
) (hycolor.sty
Package: hycolor 2020-01-27 v1.10 Color options for hyperref/bookmark (HO)
) (letltxmacro.sty
Package: letltxmacro 2019/12/03 v1.6 Let assignment for LaTeX macros (HO)
) (auxhook.sty
Package: auxhook 2019-12-17 v1.6 Hooks for auxiliary files (HO)
) (kvoptions.sty
Package: kvoptions 2020-10-07 v3.14 Key value format for package options (HO)
)
\@linkdim=\dimen190
\Hy@linkcounter=\count293
\Hy@pagecounter=\count294
 (pd1enc.def
File: pd1enc.def 2022-02-21 v7.00n Hyperref: PDFDocEncoding definition (HO)
) (intcalc.sty
Package: intcalc 2019/12/15 v1.3 Expandable calculations with integers (HO)
) (etexcmds.sty
Package: etexcmds 2019/12/15 v1.7 Avoid name clashes with e-TeX commands (HO)
)
\Hy@SavedSpaceFactor=\count295
 (puenc.def
File: puenc.def 2022-02-21 v7.00n Hyperref: PDF Unicode definition (HO)
)
Package hyperref Info: Hyper figures OFF on input line 4137.
Package hyperref Info: Link nesting OFF on input line 4142.
Package hyperref Info: Hyper index ON on input line 4145.
Package hyperref Info: Plain pages OFF on input line 4152.
Package hyperref Info: Backreferencing OFF on input line 4157.
Package hyperref Info: Implicit mode ON; LaTeX internals redefined.
Package hyperref Info: Bookmarks ON on input line 4390.
\c@Hy@tempcnt=\count296

(url.sty
\Urlmuskip=\muskip17
Package: url 2013/09/16  ver 3.4  Verb mode for urls, etc.
)
LaTeX Info: Redefining \url on input line 4749.
\XeTeXLinkMargin=\dimen191
 (bitset.sty
Package: bitset 2019/12/09 v1.3 Handle bit-vector datatype (HO)
 (bigintcalc.sty
Package: bigintcalc 2019/12/15 v1.5 Expandable calculations on big integers (HO
)
))
\Fld@menulength=\count297
\Field@Width=\dimen192
\Fld@charsize=\dimen193
Package hyperref Info: Hyper figures OFF on input line 6027.
Package hyperref Info: Link nesting OFF on input line 6032.
Package hyperref Info: Hyper index ON on input line 6035.
Package hyperref Info: backreferencing OFF on input line 6042.
Package hyperref Info: Link coloring OFF on input line 6047.
Package hyperref Info: Link coloring with OCG OFF on input line 6052.
Package hyperref Info: PDF/A mode OFF on input line 6057.
LaTeX Info: Redefining \ref on input line 6097.
LaTeX Info: Redefining \pageref on input line 6101.
 (atbegshi-ltx.sty
Package: atbegshi-ltx 2021/01/10 v1.0c Emulation of the original atbegshi
package with kernel methods
)
\Hy@abspage=\count298
\c@Item=\count299
\c@Hfootnote=\count300
)
Package hyperref Info: Driver (autodetected): hxetex.
 (hxetex.def
File: hxetex.def 2022-02-21 v7.00n Hyperref driver for XeTeX

(stringenc.sty
Package: stringenc 2019/11/29 v1.12 Convert strings between diff. encodings (HO
)
)
\pdfm@box=\box56
\c@Hy@AnnotLevel=\count301
\HyField@AnnotCount=\count302
\Fld@listcount=\count303
\c@bookmark@seq@number=\count304
 (rerunfilecheck.sty
Package: rerunfilecheck 2019/12/05 v1.9 Rerun checks for auxiliary files (HO)
 (atveryend-ltx.sty
Package: atveryend-ltx 2020/08/19 v1.0a Emulation of the original atveryend pac
kage
with kernel methods
) (uniquecounter.sty
Package: uniquecounter 2019/12/15 v1.4 Provide unlimited unique counter (HO)
)
Package uniquecounter Info: New unique counter `rerunfilecheck' on input line 2
86.
)
\Hy@SectionHShift=\skip60
)
(multirow.sty
Package: multirow 2021/03/15 v2.8 Span multiple rows of a table
\multirow@colwidth=\skip61
\multirow@cntb=\count305
\multirow@dima=\skip62
\bigstrutjot=\dimen194
)
Package hyperref Info: Option `breaklinks' set `true' on input line 17.
 (l3backend-xetex.def
File: l3backend-xetex.def 2022-02-07 L3 backend support: XeTeX
\c__kernel_sys_dvipdfmx_version_int=\count306
\l__color_backend_stack_int=\count307
\g__color_backend_stack_int=\count308
\g__graphics_track_int=\count309
\l__pdf_internal_box=\box57
\g__pdf_backend_object_int=\count310
\g__pdf_backend_annotation_int=\count311
\g__pdf_backend_link_int=\count312
) (main_edits.aux)
\openout1 = `main_edits.aux'.

LaTeX Font Info:    Checking defaults for OML/cmm/m/it on input line 29.
LaTeX Font Info:    ... okay on input line 29.
LaTeX Font Info:    Checking defaults for OMS/cmsy/m/n on input line 29.
LaTeX Font Info:    ... okay on input line 29.
LaTeX Font Info:    Checking defaults for OT1/cmr/m/n on input line 29.
LaTeX Font Info:    ... okay on input line 29.
LaTeX Font Info:    Checking defaults for T1/cmr/m/n on input line 29.
LaTeX Font Info:    ... okay on input line 29.
LaTeX Font Info:    Checking defaults for TS1/cmr/m/n on input line 29.
LaTeX Font Info:    Trying to load font information for TS1+cmr on input line 2
9.
 (ts1cmr.fd
File: ts1cmr.fd 2019/12/16 v2.5j Standard LaTeX font definitions
)
LaTeX Font Info:    ... okay on input line 29.
LaTeX Font Info:    Checking defaults for TU/lmr/m/n on input line 29.
LaTeX Font Info:    ... okay on input line 29.
LaTeX Font Info:    Checking defaults for OMX/cmex/m/n on input line 29.
LaTeX Font Info:    ... okay on input line 29.
LaTeX Font Info:    Checking defaults for U/cmr/m/n on input line 29.
LaTeX Font Info:    ... okay on input line 29.
LaTeX Font Info:    Checking defaults for PD1/pdf/m/n on input line 29.
LaTeX Font Info:    ... okay on input line 29.
LaTeX Font Info:    Checking defaults for PU/pdf/m/n on input line 29.
LaTeX Font Info:    ... okay on input line 29.

*geometry* driver: auto-detecting
*geometry* detected driver: xetex
*geometry* verbose mode - [ preamble ] result:
* driver: xetex
* paper: <default>
* layout: <same size as paper>
* layoutoffset:(h,v)=(0.0pt,0.0pt)
* modes: 
* h-part:(L,W,R)=(72.26999pt, 469.75502pt, 72.26999pt)
* v-part:(T,H,B)=(72.26999pt, 650.43001pt, 72.26999pt)
* \paperwidth=614.295pt
* \paperheight=794.96999pt
* \textwidth=469.75502pt
* \textheight=650.43001pt
* \oddsidemargin=0.0pt
* \evensidemargin=0.0pt
* \topmargin=-37.0pt
* \headheight=12.0pt
* \headsep=25.0pt
* \topskip=11.0pt
* \footskip=30.0pt
* \marginparwidth=59.0pt
* \marginparsep=10.0pt
* \columnsep=10.0pt
* \skip\footins=10.0pt plus 4.0pt minus 2.0pt
* \hoffset=0.0pt
* \voffset=0.0pt
* \mag=1000
* \@twocolumnfalse
* \@twosidefalse
* \@mparswitchfalse
* \@reversemarginfalse
* (1in=72.27pt=25.4mm, 1cm=28.453pt)

Package caption Info: Begin \AtBeginDocument code.
Package caption Info: float package is loaded.
Package caption Info: hyperref package is loaded.
Package caption Info: End \AtBeginDocument code.
Package hyperref Info: Link coloring OFF on input line 29.
(nameref.sty
Package: nameref 2021-04-02 v2.47 Cross-referencing by name of section
 (refcount.sty
Package: refcount 2019/12/15 v3.6 Data extraction from label references (HO)
) (gettitlestring.sty
Package: gettitlestring 2019/12/15 v1.6 Cleanup title references (HO)
)
\c@section@level=\count313
)
LaTeX Info: Redefining \ref on input line 29.
LaTeX Info: Redefining \pageref on input line 29.
LaTeX Info: Redefining \nameref on input line 29.
 (main_edits.out)
(main_edits.out)
\@outlinefile=\write3
\openout3 = `main_edits.out'.

LaTeX Font Info:    Trying to load font information for U+msa on input line 31.

 (umsa.fd
File: umsa.fd 2013/01/14 v3.01 AMS symbols A
)
LaTeX Font Info:    Trying to load font information for U+msb on input line 31.

 (umsb.fd
File: umsb.fd 2013/01/14 v3.01 AMS symbols B
) [1

] [2] [3] [4]
Package hyperref Info: bookmark level for unknown algorithm defaults to 0 on in
put line 326.
 [5] [6]
Overfull \hbox (15.05722pt too wide) in paragraph at lines 464--467
\TU/lmr/m/n/10.95 This is a Gaussian factor model for the atlas, identical to p
robabilistic PCA [[]]
 []

[7] [8] [9] [10]

LaTeX Warning: File `figs/atlas_deterministic_heatmap_demo.pdf' not found on in
put line 812.

! Unable to load picture or PDF file 'figs/atlas_deterministic_heatmap_demo.pdf
'.
<to be read again> 
                   }
l.812 ...igs/atlas_deterministic_heatmap_demo.pdf}
                                                  
The requested image couldn't be read because
it was not a recognized image format.


! Package graphics Error: Division by 0.

See the graphics package documentation for explanation.
Type  H <return>  for immediate help.
 ...                                              
                                                  
l.812 ...igs/atlas_deterministic_heatmap_demo.pdf}
                                                  
Your command was ignored.
Type  I <command> <return>  to replace it with another command,
or  <return>  to continue without it.

File: figs/atlas_deterministic_heatmap_demo.pdf Graphic file (type pdf)
<use figs/atlas_deterministic_heatmap_demo.pdf>
! Unable to load picture or PDF file 'figs/atlas_deterministic_heatmap_demo.pdf
'.
<to be read again> 
                   \GPT@clipend 
l.812 ...igs/atlas_deterministic_heatmap_demo.pdf}
                                                  
The requested image couldn't be read because
it was not a recognized image format.


LaTeX Warning: File `figs/atlas_unified_heatmap_demo.pdf' not found on input li
ne 822.

! Unable to load picture or PDF file 'figs/atlas_unified_heatmap_demo.pdf'.
<to be read again> 
                   }
l.822 ...dth]{figs/atlas_unified_heatmap_demo.pdf}
                                                  
The requested image couldn't be read because
it was not a recognized image format.


! Package graphics Error: Division by 0.

See the graphics package documentation for explanation.
Type  H <return>  for immediate help.
 ...                                              
                                                  
l.822 ...dth]{figs/atlas_unified_heatmap_demo.pdf}
                                                  
Your command was ignored.
Type  I <command> <return>  to replace it with another command,
or  <return>  to continue without it.

File: figs/atlas_unified_heatmap_demo.pdf Graphic file (type pdf)
<use figs/atlas_unified_heatmap_demo.pdf>
! Unable to load picture or PDF file 'figs/atlas_unified_heatmap_demo.pdf'.
<to be read again> 
                   \GPT@clipend 
l.822 ...dth]{figs/atlas_unified_heatmap_demo.pdf}
                                                  
The requested image couldn't be read because
it was not a recognized image format.


LaTeX Warning: File `figs/atlas_naive_heatmap_demo.pdf' not found on input line
 832.

! Unable to load picture or PDF file 'figs/atlas_naive_heatmap_demo.pdf'.
<to be read again> 
                   }
l.832 ...width]{figs/atlas_naive_heatmap_demo.pdf}
                                                  
The requested image couldn't be read because
it was not a recognized image format.


! Package graphics Error: Division by 0.

See the graphics package documentation for explanation.
Type  H <return>  for immediate help.
 ...                                              
                                                  
l.832 ...width]{figs/atlas_naive_heatmap_demo.pdf}
                                                  
Your command was ignored.
Type  I <command> <return>  to replace it with another command,
or  <return>  to continue without it.

File: figs/atlas_naive_heatmap_demo.pdf Graphic file (type pdf)
<use figs/atlas_naive_heatmap_demo.pdf>
! Unable to load picture or PDF file 'figs/atlas_naive_heatmap_demo.pdf'.
<to be read again> 
                   \GPT@clipend 
l.832 ...width]{figs/atlas_naive_heatmap_demo.pdf}
                                                  
The requested image couldn't be read because
it was not a recognized image format.

[11]

LaTeX Warning: File `figs/atlas_deterministic_scatter_region_harmonized.pdf' no
t found on input line 844.

! Unable to load picture or PDF file 'figs/atlas_deterministic_scatter_region_h
armonized.pdf'.
<to be read again> 
                   }
l.844 ...erministic_scatter_region_harmonized.pdf}
                                                  
The requested image couldn't be read because
it was not a recognized image format.


! Package graphics Error: Division by 0.

See the graphics package documentation for explanation.
Type  H <return>  for immediate help.
 ...                                              
                                                  
l.844 ...erministic_scatter_region_harmonized.pdf}
                                                  
Your command was ignored.
Type  I <command> <return>  to replace it with another command,
or  <return>  to continue without it.

File: figs/atlas_deterministic_scatter_region_harmonized.pdf Graphic file (type
 pdf)
<use figs/atlas_deterministic_scatter_region_harmonized.pdf>
! Unable to load picture or PDF file 'figs/atlas_deterministic_scatter_region_h
armonized.pdf'.
<to be read again> 
                   \GPT@clipend 
l.844 ...erministic_scatter_region_harmonized.pdf}
                                                  
The requested image couldn't be read because
it was not a recognized image format.


LaTeX Warning: File `figs/atlas_deterministic_scatter_gene_harmonized.pdf' not 
found on input line 849.

! Unable to load picture or PDF file 'figs/atlas_deterministic_scatter_gene_har
monized.pdf'.
<to be read again> 
                   }
l.849 ...eterministic_scatter_gene_harmonized.pdf}
                                                  
The requested image couldn't be read because
it was not a recognized image format.


! Package graphics Error: Division by 0.

See the graphics package documentation for explanation.
Type  H <return>  for immediate help.
 ...                                              
                                                  
l.849 ...eterministic_scatter_gene_harmonized.pdf}
                                                  
Your command was ignored.
Type  I <command> <return>  to replace it with another command,
or  <return>  to continue without it.

File: figs/atlas_deterministic_scatter_gene_harmonized.pdf Graphic file (type p
df)
<use figs/atlas_deterministic_scatter_gene_harmonized.pdf>
! Unable to load picture or PDF file 'figs/atlas_deterministic_scatter_gene_har
monized.pdf'.
<to be read again> 
                   \GPT@clipend 
l.849 ...eterministic_scatter_gene_harmonized.pdf}
                                                  
The requested image couldn't be read because
it was not a recognized image format.


LaTeX Warning: File `figs/atlas_deterministic_scatter_region_corr.pdf' not foun
d on input line 854.

! Unable to load picture or PDF file 'figs/atlas_deterministic_scatter_region_c
orr.pdf'.
<to be read again> 
                   }
l.854 ...as_deterministic_scatter_region_corr.pdf}
                                                  
The requested image couldn't be read because
it was not a recognized image format.


! Package graphics Error: Division by 0.

See the graphics package documentation for explanation.
Type  H <return>  for immediate help.
 ...                                              
                                                  
l.854 ...as_deterministic_scatter_region_corr.pdf}
                                                  
Your command was ignored.
Type  I <command> <return>  to replace it with another command,
or  <return>  to continue without it.

File: figs/atlas_deterministic_scatter_region_corr.pdf Graphic file (type pdf)
<use figs/atlas_deterministic_scatter_region_corr.pdf>
! Unable to load picture or PDF file 'figs/atlas_deterministic_scatter_region_c
orr.pdf'.
<to be read again> 
                   \GPT@clipend 
l.854 ...as_deterministic_scatter_region_corr.pdf}
                                                  
The requested image couldn't be read because
it was not a recognized image format.


LaTeX Warning: File `figs/atlas_deterministic_scatter_gene_corr.pdf' not found 
on input line 859.

! Unable to load picture or PDF file 'figs/atlas_deterministic_scatter_gene_cor
r.pdf'.
<to be read again> 
                   }
l.859 ...tlas_deterministic_scatter_gene_corr.pdf}
                                                  
The requested image couldn't be read because
it was not a recognized image format.


! Package graphics Error: Division by 0.

See the graphics package documentation for explanation.
Type  H <return>  for immediate help.
 ...                                              
                                                  
l.859 ...tlas_deterministic_scatter_gene_corr.pdf}
                                                  
Your command was ignored.
Type  I <command> <return>  to replace it with another command,
or  <return>  to continue without it.

File: figs/atlas_deterministic_scatter_gene_corr.pdf Graphic file (type pdf)
<use figs/atlas_deterministic_scatter_gene_corr.pdf>
! Unable to load picture or PDF file 'figs/atlas_deterministic_scatter_gene_cor
r.pdf'.
<to be read again> 
                   \GPT@clipend 
l.859 ...tlas_deterministic_scatter_gene_corr.pdf}
                                                  
The requested image couldn't be read because
it was not a recognized image format.


LaTeX Warning: File `figs/atlas_unified_scatter_region_harmonized.pdf' not foun
d on input line 871.

! Unable to load picture or PDF file 'figs/atlas_unified_scatter_region_harmoni
zed.pdf'.
<to be read again> 
                   }
l.871 ...as_unified_scatter_region_harmonized.pdf}
                                                  
The requested image couldn't be read because
it was not a recognized image format.


! Package graphics Error: Division by 0.

See the graphics package documentation for explanation.
Type  H <return>  for immediate help.
 ...                                              
                                                  
l.871 ...as_unified_scatter_region_harmonized.pdf}
                                                  
Your command was ignored.
Type  I <command> <return>  to replace it with another command,
or  <return>  to continue without it.

File: figs/atlas_unified_scatter_region_harmonized.pdf Graphic file (type pdf)
<use figs/atlas_unified_scatter_region_harmonized.pdf>
! Unable to load picture or PDF file 'figs/atlas_unified_scatter_region_harmoni
zed.pdf'.
<to be read again> 
                   \GPT@clipend 
l.871 ...as_unified_scatter_region_harmonized.pdf}
                                                  
The requested image couldn't be read because
it was not a recognized image format.


LaTeX Warning: File `figs/atlas_unified_scatter_gene_harmonized.pdf' not found 
on input line 876.

! Unable to load picture or PDF file 'figs/atlas_unified_scatter_gene_harmonize
d.pdf'.
<to be read again> 
                   }
l.876 ...tlas_unified_scatter_gene_harmonized.pdf}
                                                  
The requested image couldn't be read because
it was not a recognized image format.


! Package graphics Error: Division by 0.

See the graphics package documentation for explanation.
Type  H <return>  for immediate help.
 ...                                              
                                                  
l.876 ...tlas_unified_scatter_gene_harmonized.pdf}
                                                  
Your command was ignored.
Type  I <command> <return>  to replace it with another command,
or  <return>  to continue without it.

File: figs/atlas_unified_scatter_gene_harmonized.pdf Graphic file (type pdf)
<use figs/atlas_unified_scatter_gene_harmonized.pdf>
! Unable to load picture or PDF file 'figs/atlas_unified_scatter_gene_harmonize
d.pdf'.
<to be read again> 
                   \GPT@clipend 
l.876 ...tlas_unified_scatter_gene_harmonized.pdf}
                                                  
The requested image couldn't be read because
it was not a recognized image format.


LaTeX Warning: File `figs/atlas_unified_scatter_region_corr.pdf' not found on i
nput line 881.

! Unable to load picture or PDF file 'figs/atlas_unified_scatter_region_corr.pd
f'.
<to be read again> 
                   }
l.881 ...gs/atlas_unified_scatter_region_corr.pdf}
                                                  
The requested image couldn't be read because
it was not a recognized image format.


! Package graphics Error: Division by 0.

See the graphics package documentation for explanation.
Type  H <return>  for immediate help.
 ...                                              
                                                  
l.881 ...gs/atlas_unified_scatter_region_corr.pdf}
                                                  
Your command was ignored.
Type  I <command> <return>  to replace it with another command,
or  <return>  to continue without it.

File: figs/atlas_unified_scatter_region_corr.pdf Graphic file (type pdf)
<use figs/atlas_unified_scatter_region_corr.pdf>
! Unable to load picture or PDF file 'figs/atlas_unified_scatter_region_corr.pd
f'.
<to be read again> 
                   \GPT@clipend 
l.881 ...gs/atlas_unified_scatter_region_corr.pdf}
                                                  
The requested image couldn't be read because
it was not a recognized image format.


LaTeX Warning: File `figs/atlas_unified_scatter_gene_corr.pdf' not found on inp
ut line 886.

! Unable to load picture or PDF file 'figs/atlas_unified_scatter_gene_corr.pdf'
.
<to be read again> 
                   }
l.886 ...figs/atlas_unified_scatter_gene_corr.pdf}
                                                  
The requested image couldn't be read because
it was not a recognized image format.


! Package graphics Error: Division by 0.

See the graphics package documentation for explanation.
Type  H <return>  for immediate help.
 ...                                              
                                                  
l.886 ...figs/atlas_unified_scatter_gene_corr.pdf}
                                                  
Your command was ignored.
Type  I <command> <return>  to replace it with another command,
or  <return>  to continue without it.

File: figs/atlas_unified_scatter_gene_corr.pdf Graphic file (type pdf)
<use figs/atlas_unified_scatter_gene_corr.pdf>
! Unable to load picture or PDF file 'figs/atlas_unified_scatter_gene_corr.pdf'
.
<to be read again> 
                   \GPT@clipend 
l.886 ...figs/atlas_unified_scatter_gene_corr.pdf}
                                                  
The requested image couldn't be read because
it was not a recognized image format.


LaTeX Warning: File `figs/atlas_naive_scatter_region_harmonized.pdf' not found 
on input line 899.

! Unable to load picture or PDF file 'figs/atlas_naive_scatter_region_harmonize
d.pdf'.
<to be read again> 
                   }
l.899 ...tlas_naive_scatter_region_harmonized.pdf}
                                                  
The requested image couldn't be read because
it was not a recognized image format.


! Package graphics Error: Division by 0.

See the graphics package documentation for explanation.
Type  H <return>  for immediate help.
 ...                                              
                                                  
l.899 ...tlas_naive_scatter_region_harmonized.pdf}
                                                  
Your command was ignored.
Type  I <command> <return>  to replace it with another command,
or  <return>  to continue without it.

File: figs/atlas_naive_scatter_region_harmonized.pdf Graphic file (type pdf)
<use figs/atlas_naive_scatter_region_harmonized.pdf>
! Unable to load picture or PDF file 'figs/atlas_naive_scatter_region_harmonize
d.pdf'.
<to be read again> 
                   \GPT@clipend 
l.899 ...tlas_naive_scatter_region_harmonized.pdf}
                                                  
The requested image couldn't be read because
it was not a recognized image format.


LaTeX Warning: File `figs/atlas_naive_scatter_gene_harmonized.pdf' not found on
 input line 904.

! Unable to load picture or PDF file 'figs/atlas_naive_scatter_gene_harmonized.
pdf'.
<to be read again> 
                   }
l.904 .../atlas_naive_scatter_gene_harmonized.pdf}
                                                  
The requested image couldn't be read because
it was not a recognized image format.


! Package graphics Error: Division by 0.

See the graphics package documentation for explanation.
Type  H <return>  for immediate help.
 ...                                              
                                                  
l.904 .../atlas_naive_scatter_gene_harmonized.pdf}
                                                  
Your command was ignored.
Type  I <command> <return>  to replace it with another command,
or  <return>  to continue without it.

File: figs/atlas_naive_scatter_gene_harmonized.pdf Graphic file (type pdf)
<use figs/atlas_naive_scatter_gene_harmonized.pdf>
! Unable to load picture or PDF file 'figs/atlas_naive_scatter_gene_harmonized.
pdf'.
<to be read again> 
                   \GPT@clipend 
l.904 .../atlas_naive_scatter_gene_harmonized.pdf}
                                                  
The requested image couldn't be read because
it was not a recognized image format.


LaTeX Warning: File `figs/atlas_naive_scatter_region_corr.pdf' not found on inp
ut line 909.

! Unable to load picture or PDF file 'figs/atlas_naive_scatter_region_corr.pdf'
.
<to be read again> 
                   }
l.909 ...figs/atlas_naive_scatter_region_corr.pdf}
                                                  
The requested image couldn't be read because
it was not a recognized image format.


! Package graphics Error: Division by 0.

See the graphics package documentation for explanation.
Type  H <return>  for immediate help.
 ...                                              
                                                  
l.909 ...figs/atlas_naive_scatter_region_corr.pdf}
                                                  
Your command was ignored.
Type  I <command> <return>  to replace it with another command,
or  <return>  to continue without it.

File: figs/atlas_naive_scatter_region_corr.pdf Graphic file (type pdf)
<use figs/atlas_naive_scatter_region_corr.pdf>
! Unable to load picture or PDF file 'figs/atlas_naive_scatter_region_corr.pdf'
.
<to be read again> 
                   \GPT@clipend 
l.909 ...figs/atlas_naive_scatter_region_corr.pdf}
                                                  
The requested image couldn't be read because
it was not a recognized image format.


LaTeX Warning: File `figs/atlas_naive_scatter_gene_corr.pdf' not found on input
 line 914.

! Unable to load picture or PDF file 'figs/atlas_naive_scatter_gene_corr.pdf'.
<to be read again> 
                   }
l.914 ...]{figs/atlas_naive_scatter_gene_corr.pdf}
                                                  
The requested image couldn't be read because
it was not a recognized image format.


! Package graphics Error: Division by 0.

See the graphics package documentation for explanation.
Type  H <return>  for immediate help.
 ...                                              
                                                  
l.914 ...]{figs/atlas_naive_scatter_gene_corr.pdf}
                                                  
Your command was ignored.
Type  I <command> <return>  to replace it with another command,
or  <return>  to continue without it.

File: figs/atlas_naive_scatter_gene_corr.pdf Graphic file (type pdf)
<use figs/atlas_naive_scatter_gene_corr.pdf>
! Unable to load picture or PDF file 'figs/atlas_naive_scatter_gene_corr.pdf'.
<to be read again> 
                   \GPT@clipend 
l.914 ...]{figs/atlas_naive_scatter_gene_corr.pdf}
                                                  
The requested image couldn't be read because
it was not a recognized image format.


LaTeX Warning: File `figs/subject_deterministic_heatmap_demo.pdf' not found on 
input line 933.

! Unable to load picture or PDF file 'figs/subject_deterministic_heatmap_demo.p
df'.
<to be read again> 
                   }
l.933 ...s/subject_deterministic_heatmap_demo.pdf}
                                                  
The requested image couldn't be read because
it was not a recognized image format.


! Package graphics Error: Division by 0.

See the graphics package documentation for explanation.
Type  H <return>  for immediate help.
 ...                                              
                                                  
l.933 ...s/subject_deterministic_heatmap_demo.pdf}
                                                  
Your command was ignored.
Type  I <command> <return>  to replace it with another command,
or  <return>  to continue without it.

File: figs/subject_deterministic_heatmap_demo.pdf Graphic file (type pdf)
<use figs/subject_deterministic_heatmap_demo.pdf>
! Unable to load picture or PDF file 'figs/subject_deterministic_heatmap_demo.p
df'.
<to be read again> 
                   \GPT@clipend 
l.933 ...s/subject_deterministic_heatmap_demo.pdf}
                                                  
The requested image couldn't be read because
it was not a recognized image format.


LaTeX Warning: File `figs/subject_unified_heatmap_demo.pdf' not found on input 
line 939.

! Unable to load picture or PDF file 'figs/subject_unified_heatmap_demo.pdf'.
<to be read again> 
                   }
l.939 ...h]{figs/subject_unified_heatmap_demo.pdf}
                                                  
The requested image couldn't be read because
it was not a recognized image format.


! Package graphics Error: Division by 0.

See the graphics package documentation for explanation.
Type  H <return>  for immediate help.
 ...                                              
                                                  
l.939 ...h]{figs/subject_unified_heatmap_demo.pdf}
                                                  
Your command was ignored.
Type  I <command> <return>  to replace it with another command,
or  <return>  to continue without it.

File: figs/subject_unified_heatmap_demo.pdf Graphic file (type pdf)
<use figs/subject_unified_heatmap_demo.pdf>
! Unable to load picture or PDF file 'figs/subject_unified_heatmap_demo.pdf'.
<to be read again> 
                   \GPT@clipend 
l.939 ...h]{figs/subject_unified_heatmap_demo.pdf}
                                                  
The requested image couldn't be read because
it was not a recognized image format.


LaTeX Warning: File `figs/subject_naive_heatmap_demo.pdf' not found on input li
ne 945.

! Unable to load picture or PDF file 'figs/subject_naive_heatmap_demo.pdf'.
<to be read again> 
                   }
l.945 ...dth]{figs/subject_naive_heatmap_demo.pdf}
                                                  
The requested image couldn't be read because
it was not a recognized image format.


! Package graphics Error: Division by 0.

See the graphics package documentation for explanation.
Type  H <return>  for immediate help.
 ...                                              
                                                  
l.945 ...dth]{figs/subject_naive_heatmap_demo.pdf}
                                                  
Your command was ignored.
Type  I <command> <return>  to replace it with another command,
or  <return>  to continue without it.

File: figs/subject_naive_heatmap_demo.pdf Graphic file (type pdf)
<use figs/subject_naive_heatmap_demo.pdf>
! Unable to load picture or PDF file 'figs/subject_naive_heatmap_demo.pdf'.
<to be read again> 
                   \GPT@clipend 
l.945 ...dth]{figs/subject_naive_heatmap_demo.pdf}
                                                  
The requested image couldn't be read because
it was not a recognized image format.


LaTeX Warning: File `figs/subject_deterministic_scatter_harmonized.pdf' not fou
nd on input line 958.

! Unable to load picture or PDF file 'figs/subject_deterministic_scatter_harmon
ized.pdf'.
<to be read again> 
                   }
l.958 ...ect_deterministic_scatter_harmonized.pdf}
                                                  
The requested image couldn't be read because
it was not a recognized image format.


! Package graphics Error: Division by 0.

See the graphics package documentation for explanation.
Type  H <return>  for immediate help.
 ...                                              
                                                  
l.958 ...ect_deterministic_scatter_harmonized.pdf}
                                                  
Your command was ignored.
Type  I <command> <return>  to replace it with another command,
or  <return>  to continue without it.

File: figs/subject_deterministic_scatter_harmonized.pdf Graphic file (type pdf)

<use figs/subject_deterministic_scatter_harmonized.pdf>
! Unable to load picture or PDF file 'figs/subject_deterministic_scatter_harmon
ized.pdf'.
<to be read again> 
                   \GPT@clipend 
l.958 ...ect_deterministic_scatter_harmonized.pdf}
                                                  
The requested image couldn't be read because
it was not a recognized image format.


LaTeX Warning: File `figs/subject_unified_scatter_harmonized.pdf' not found on 
input line 964.

! Unable to load picture or PDF file 'figs/subject_unified_scatter_harmonized.p
df'.
<to be read again> 
                   }
l.964 ...s/subject_unified_scatter_harmonized.pdf}
                                                  
The requested image couldn't be read because
it was not a recognized image format.


! Package graphics Error: Division by 0.

See the graphics package documentation for explanation.
Type  H <return>  for immediate help.
 ...                                              
                                                  
l.964 ...s/subject_unified_scatter_harmonized.pdf}
                                                  
Your command was ignored.
Type  I <command> <return>  to replace it with another command,
or  <return>  to continue without it.

File: figs/subject_unified_scatter_harmonized.pdf Graphic file (type pdf)
<use figs/subject_unified_scatter_harmonized.pdf>
! Unable to load picture or PDF file 'figs/subject_unified_scatter_harmonized.p
df'.
<to be read again> 
                   \GPT@clipend 
l.964 ...s/subject_unified_scatter_harmonized.pdf}
                                                  
The requested image couldn't be read because
it was not a recognized image format.


LaTeX Warning: File `figs/subject_naive_scatter_harmonized.pdf' not found on in
put line 970.

! Unable to load picture or PDF file 'figs/subject_naive_scatter_harmonized.pdf
'.
<to be read again> 
                   }
l.970 ...igs/subject_naive_scatter_harmonized.pdf}
                                                  
The requested image couldn't be read because
it was not a recognized image format.


! Package graphics Error: Division by 0.

See the graphics package documentation for explanation.
Type  H <return>  for immediate help.
 ...                                              
                                                  
l.970 ...igs/subject_naive_scatter_harmonized.pdf}
                                                  
Your command was ignored.
Type  I <command> <return>  to replace it with another command,
or  <return>  to continue without it.

File: figs/subject_naive_scatter_harmonized.pdf Graphic file (type pdf)
<use figs/subject_naive_scatter_harmonized.pdf>
! Unable to load picture or PDF file 'figs/subject_naive_scatter_harmonized.pdf
'.
<to be read again> 
                   \GPT@clipend 
l.970 ...igs/subject_naive_scatter_harmonized.pdf}
                                                  
The requested image couldn't be read because
it was not a recognized image format.

[12]

LaTeX Warning: File `figs/loro_subject_metrics_allgene.pdf' not found on input 
line 1009.

! Unable to load picture or PDF file 'figs/loro_subject_metrics_allgene.pdf'.
<to be read again> 
                   }
l.1009 ...]{figs/loro_subject_metrics_allgene.pdf}
                                                  
The requested image couldn't be read because
it was not a recognized image format.


! Package graphics Error: Division by 0.

See the graphics package documentation for explanation.
Type  H <return>  for immediate help.
 ...                                              
                                                  
l.1009 ...]{figs/loro_subject_metrics_allgene.pdf}
                                                  
Your command was ignored.
Type  I <command> <return>  to replace it with another command,
or  <return>  to continue without it.

File: figs/loro_subject_metrics_allgene.pdf Graphic file (type pdf)
<use figs/loro_subject_metrics_allgene.pdf>
! Unable to load picture or PDF file 'figs/loro_subject_metrics_allgene.pdf'.
<to be read again> 
                   \GPT@clipend 
l.1009 ...]{figs/loro_subject_metrics_allgene.pdf}
                                                  
The requested image couldn't be read because
it was not a recognized image format.


LaTeX Warning: File `figs/loro_parcel_metrics_allgene.pdf' not found on input l
ine 1018.

! Unable to load picture or PDF file 'figs/loro_parcel_metrics_allgene.pdf'.
<to be read again> 
                   }
l.1018 ...h]{figs/loro_parcel_metrics_allgene.pdf}
                                                  
The requested image couldn't be read because
it was not a recognized image format.


! Package graphics Error: Division by 0.

See the graphics package documentation for explanation.
Type  H <return>  for immediate help.
 ...                                              
                                                  
l.1018 ...h]{figs/loro_parcel_metrics_allgene.pdf}
                                                  
Your command was ignored.
Type  I <command> <return>  to replace it with another command,
or  <return>  to continue without it.

File: figs/loro_parcel_metrics_allgene.pdf Graphic file (type pdf)
<use figs/loro_parcel_metrics_allgene.pdf>
! Unable to load picture or PDF file 'figs/loro_parcel_metrics_allgene.pdf'.
<to be read again> 
                   \GPT@clipend 
l.1018 ...h]{figs/loro_parcel_metrics_allgene.pdf}
                                                  
The requested image couldn't be read because
it was not a recognized image format.


LaTeX Warning: File `figs/loro_method_summary_bars_allgene.pdf' not found on in
put line 1028.

! Unable to load picture or PDF file 'figs/loro_method_summary_bars_allgene.pdf
'.
<to be read again> 
                   }
l.1028 ...gs/loro_method_summary_bars_allgene.pdf}
                                                  
The requested image couldn't be read because
it was not a recognized image format.


! Package graphics Error: Division by 0.

See the graphics package documentation for explanation.
Type  H <return>  for immediate help.
 ...                                              
                                                  
l.1028 ...gs/loro_method_summary_bars_allgene.pdf}
                                                  
Your command was ignored.
Type  I <command> <return>  to replace it with another command,
or  <return>  to continue without it.

File: figs/loro_method_summary_bars_allgene.pdf Graphic file (type pdf)
<use figs/loro_method_summary_bars_allgene.pdf>
! Unable to load picture or PDF file 'figs/loro_method_summary_bars_allgene.pdf
'.
<to be read again> 
                   \GPT@clipend 
l.1028 ...gs/loro_method_summary_bars_allgene.pdf}
                                                  
The requested image couldn't be read because
it was not a recognized image format.

[13] [14] [15] (main_edits.aux)
Package rerunfilecheck Info: File `main_edits.out' has not changed.
(rerunfilecheck)             Checksum: CFE9EF5AEF3D9320A8CA6CF8AD93A730;5003.
 )
Output written on main_edits.xdv (15 pages, 353040 bytes).
